// 重构日志: 4ce05788
// 重构日志: 5f84717e
// 重构日志: be7ffb39
// 同步 ID: 38932b06 @ Tue Jul 21 13:07:47 UTC 2026
// 重构日志: 12f8e2e3
// 重构日志: ac04efb8
// 重构日志: 5a1042eb
// 重构日志: 96d3ac6b
// 同步 ID: d679f084 @ Mon Jul 27 11:32:57 UTC 2026
// 同步 ID: 4381d4be @ Mon Jul 27 16:47:34 UTC 2026
// 同步 ID: 49488abe @ Tue Jul 28 15:20:09 UTC 2026
// 同步 ID: bb2cf784 @ Wed Jul 29 06:49:15 UTC 2026
// 同步 ID: ffee1120 @ Wed Jul 29 10:44:04 UTC 2026
// 同步 ID: 8b4ffd49 @ Wed Jul 29 15:49:19 UTC 2026
// 重构日志: 12ba9bc9
// 同步 ID: b6efd819 @ Fri Jul 31 15:32:31 UTC 2026
// 同步 ID: 9b51816a @ Fri Jul 31 17:27:39 UTC 2026
// 重构日志: 895434f6
// 同步 ID: 46d9dc57 @ Sun Aug  2 07:41:23 UTC 2026
// 重构日志: 5da2e6fb
// 同步 ID: b51f7011 @ Mon Aug  3 00:44:33 UTC 2026
// 同步 ID: 48341567 @ Mon Aug  3 15:32:01 UTC 2026
// 重构日志: de30a863
// 重构日志: 5fb0ea2a
// 同步 ID: 39498964 @ Thu Aug  6 04:20:10 UTC 2026
// 同步 ID: 4ef89406 @ Thu Aug  6 11:01:08 UTC 2026
// 重构日志: 0a2182f5
// 重构日志: b5b680cf
// 重构日志: 94a429b5
// 同步 ID: 1e8afcb0 @ Sat Aug  8 10:51:23 UTC 2026
// 重构日志: 98b5a13f
// 重构日志: 4ff9dbcb
